Archive member included to satisfy reference by file (symbol)

c:/program files (x86)/atmel/studio/7.0/toolchain/avr8/avr8-gnu-toolchain/bin/../lib/gcc/avr/5.4.0/avrxmega7\libgcc.a(_exit.o)
                              C:/Program Files (x86)/Atmel/Studio/7.0/Packs/atmel/XMEGAA_DFP/1.2.141/gcc/dev/atxmega128a1u/avrxmega7/crtatxmega128a1u.o (exit)
c:/program files (x86)/atmel/studio/7.0/toolchain/avr8/avr8-gnu-toolchain/bin/../lib/gcc/avr/5.4.0/avrxmega7\libgcc.a(_copy_data.o)
                              BLUETOOTH/FRAMES/frame.o (__do_copy_data)
c:/program files (x86)/atmel/studio/7.0/toolchain/avr8/avr8-gnu-toolchain/bin/../lib/gcc/avr/5.4.0/avrxmega7\libgcc.a(_clear_bss.o)
                              BLUETOOTH/FRAMES/frame.o (__do_clear_bss)
c:/program files (x86)/atmel/studio/7.0/toolchain/avr8/avr8-gnu-toolchain/bin/../lib/gcc/avr/5.4.0/avrxmega7\libgcc.a(_xload_1.o)
                              HMI/DISPLAY/oled_SSD1306.o (__xload_1)
c:/program files (x86)/atmel/studio/7.0/toolchain/avr8/avr8-gnu-toolchain/bin/../lib/gcc/avr/5.4.0/../../../../avr/lib/avrxmega7\libc.a(malloc.o)
                              BLUETOOTH/DATA/data.o (malloc)
c:/program files (x86)/atmel/studio/7.0/toolchain/avr8/avr8-gnu-toolchain/bin/../lib/gcc/avr/5.4.0/../../../../avr/lib/avrxmega7\libc.a(strcpy.o)
                              BLUETOOTH/FRAMES/frame.o (strcpy)
c:/program files (x86)/atmel/studio/7.0/toolchain/avr8/avr8-gnu-toolchain/bin/../lib/gcc/avr/5.4.0/../../../../avr/lib/avrxmega7\libc.a(strncmp.o)
                              BLUETOOTH/FRAMES/frame.o (strncmp)

Allocating common symbols
Common symbol       size              file

Job                 0x2               main.o
gddramBuff          0x400             HMI/DISPLAY/oled_SSD1306.o
Temp                0x2               main.o
l                   0x2               main.o
__brkval            0x2               c:/program files (x86)/atmel/studio/7.0/toolchain/avr8/avr8-gnu-toolchain/bin/../lib/gcc/avr/5.4.0/../../../../avr/lib/avrxmega7\libc.a(malloc.o)
SendingString       0x2               BLUETOOTH/USART/usart.o
__flp               0x2               c:/program files (x86)/atmel/studio/7.0/toolchain/avr8/avr8-gnu-toolchain/bin/../lib/gcc/avr/5.4.0/../../../../avr/lib/avrxmega7\libc.a(malloc.o)
ReceivedChars       0x10              BLUETOOTH/USART/usart.o
m                   0x2               main.o
ReceivedString      0x2               BLUETOOTH/USART/usart.o

Discarded input sections

 .data          0x00000000        0x0 C:/Program Files (x86)/Atmel/Studio/7.0/Packs/atmel/XMEGAA_DFP/1.2.141/gcc/dev/atxmega128a1u/avrxmega7/crtatxmega128a1u.o
 .bss           0x00000000        0x0 C:/Program Files (x86)/Atmel/Studio/7.0/Packs/atmel/XMEGAA_DFP/1.2.141/gcc/dev/atxmega128a1u/avrxmega7/crtatxmega128a1u.o
 .text          0x00000000        0x0 BLUETOOTH/DATA/data.o
 .data          0x00000000        0x0 BLUETOOTH/DATA/data.o
 .bss           0x00000000        0x0 BLUETOOTH/DATA/data.o
 .text.Data_CreateMove
                0x00000000        0xa BLUETOOTH/DATA/data.o
 .text.Data_CreateListElement
                0x00000000       0x28 BLUETOOTH/DATA/data.o
 .text.Data_CreateList
                0x00000000       0x1a BLUETOOTH/DATA/data.o
 .text.Data_InsertToList
                0x00000000       0x3c BLUETOOTH/DATA/data.o
 .text.Data_GetTaskFromList
                0x00000000       0x18 BLUETOOTH/DATA/data.o
 .text.Data_GetMoveFromList
                0x00000000       0x18 BLUETOOTH/DATA/data.o
 .text.Data_DeleteElementFromList
                0x00000000       0x50 BLUETOOTH/DATA/data.o
 .text.Data_ClearList
                0x00000000       0x2a BLUETOOTH/DATA/data.o
 .text.Data_DeleteList
                0x00000000        0xa BLUETOOTH/DATA/data.o
 .debug_info    0x00000000      0x423 BLUETOOTH/DATA/data.o
 .debug_abbrev  0x00000000      0x161 BLUETOOTH/DATA/data.o
 .debug_loc     0x00000000      0x25b BLUETOOTH/DATA/data.o
 .debug_aranges
                0x00000000       0x60 BLUETOOTH/DATA/data.o
 .debug_ranges  0x00000000       0x50 BLUETOOTH/DATA/data.o
 .debug_line    0x00000000      0x263 BLUETOOTH/DATA/data.o
 .debug_str     0x00000000      0x339 BLUETOOTH/DATA/data.o
 .comment       0x00000000       0x31 BLUETOOTH/DATA/data.o
 .debug_frame   0x00000000       0xd8 BLUETOOTH/DATA/data.o
 .text          0x00000000        0x0 BLUETOOTH/FRAMES/frame.o
 .data          0x00000000        0x0 BLUETOOTH/FRAMES/frame.o
 .bss           0x00000000        0x0 BLUETOOTH/FRAMES/frame.o
 .text.Frame_Fill
                0x00000000       0xe2 BLUETOOTH/FRAMES/frame.o
 .text.Frame_Check
                0x00000000       0x80 BLUETOOTH/FRAMES/frame.o
 .rodata.str1.1
                0x00000000       0x26 BLUETOOTH/FRAMES/frame.o
 .data.FrameTypes
                0x00000000        0xc BLUETOOTH/FRAMES/frame.o
 .data.EndCode  0x00000000        0x2 BLUETOOTH/FRAMES/frame.o
 .data.StartCode
                0x00000000        0x2 BLUETOOTH/FRAMES/frame.o
 .bss.SendingFrame
                0x00000000        0x2 BLUETOOTH/FRAMES/frame.o
 .text          0x00000000        0x0 BLUETOOTH/HC05/hc05.o
 .data          0x00000000        0x0 BLUETOOTH/HC05/hc05.o
 .bss           0x00000000        0x0 BLUETOOTH/HC05/hc05.o
 .text          0x00000000        0x0 BLUETOOTH/USART/BUFFER/buffer.o
 .data          0x00000000        0x0 BLUETOOTH/USART/BUFFER/buffer.o
 .bss           0x00000000        0x0 BLUETOOTH/USART/BUFFER/buffer.o
 .text.Buffer_GetString
                0x00000000       0x6c BLUETOOTH/USART/BUFFER/buffer.o
 .text.Buffer_Clear
                0x00000000       0x40 BLUETOOTH/USART/BUFFER/buffer.o
 .bss.SendingBuffer
                0x00000000        0x2 BLUETOOTH/USART/BUFFER/buffer.o
 .text          0x00000000        0x0 BLUETOOTH/USART/usart.o
 .data          0x00000000        0x0 BLUETOOTH/USART/usart.o
 .bss           0x00000000        0x0 BLUETOOTH/USART/usart.o
 .text          0x00000000        0x0 CONTROL/DRIVERS/drivers.o
 .data          0x00000000        0x0 CONTROL/DRIVERS/drivers.o
 .bss           0x00000000        0x0 CONTROL/DRIVERS/drivers.o
 .debug_info    0x00000000       0x5d CONTROL/DRIVERS/drivers.o
 .debug_abbrev  0x00000000       0x26 CONTROL/DRIVERS/drivers.o
 .debug_aranges
                0x00000000       0x18 CONTROL/DRIVERS/drivers.o
 .debug_line    0x00000000       0x1a CONTROL/DRIVERS/drivers.o
 .debug_str     0x00000000      0x1ab CONTROL/DRIVERS/drivers.o
 .comment       0x00000000       0x31 CONTROL/DRIVERS/drivers.o
 .text          0x00000000        0x0 CONTROL/WORK/work.o
 .data          0x00000000        0x0 CONTROL/WORK/work.o
 .bss           0x00000000        0x0 CONTROL/WORK/work.o
 .debug_info    0x00000000       0x5d CONTROL/WORK/work.o
 .debug_abbrev  0x00000000       0x26 CONTROL/WORK/work.o
 .debug_aranges
                0x00000000       0x18 CONTROL/WORK/work.o
 .debug_line    0x00000000       0x1a CONTROL/WORK/work.o
 .debug_str     0x00000000      0x1a5 CONTROL/WORK/work.o
 .comment       0x00000000       0x31 CONTROL/WORK/work.o
 .text          0x00000000        0x0 HMI/DISPLAY/fonts.o
 .data          0x00000000        0x0 HMI/DISPLAY/fonts.o
 .bss           0x00000000        0x0 HMI/DISPLAY/fonts.o
 .progmemx.data.rotationLeftImg
                0x00000000       0xae HMI/DISPLAY/fonts.o
 .progmemx.data.rotationRightImg
                0x00000000       0xae HMI/DISPLAY/fonts.o
 .progmemx.data.arrowsImg
                0x00000000       0x82 HMI/DISPLAY/fonts.o
 .progmemx.data.grappleOpenImg
                0x00000000       0xae HMI/DISPLAY/fonts.o
 .progmemx.data.grappleClosedImg
                0x00000000       0xae HMI/DISPLAY/fonts.o
 .progmemx.data.arrowRightImg
                0x00000000        0xa HMI/DISPLAY/fonts.o
 .progmemx.data.arrowLeftImg
                0x00000000        0xa HMI/DISPLAY/fonts.o
 .progmemx.data.arrowDownImg
                0x00000000        0xa HMI/DISPLAY/fonts.o
 .progmemx.data.arrowUpImg
                0x00000000        0xa HMI/DISPLAY/fonts.o
 .progmemx.data.clrScrImg
                0x00000000      0x302 HMI/DISPLAY/fonts.o
 .progmemx.data.splashImg
                0x00000000      0x282 HMI/DISPLAY/fonts.o
 .progmemx.data.lightingImg
                0x00000000       0x22 HMI/DISPLAY/fonts.o
 .progmemx.data.font7x5
                0x00000000      0x300 HMI/DISPLAY/fonts.o
 .debug_info    0x00000000      0x163 HMI/DISPLAY/fonts.o
 .debug_abbrev  0x00000000       0x4d HMI/DISPLAY/fonts.o
 .debug_aranges
                0x00000000       0x18 HMI/DISPLAY/fonts.o
 .debug_line    0x00000000       0x34 HMI/DISPLAY/fonts.o
 .debug_str     0x00000000      0x250 HMI/DISPLAY/fonts.o
 .comment       0x00000000       0x31 HMI/DISPLAY/fonts.o
 .text          0x00000000        0x0 HMI/DISPLAY/oled_SSD1306.o
 .data          0x00000000        0x0 HMI/DISPLAY/oled_SSD1306.o
 .bss           0x00000000        0x0 HMI/DISPLAY/oled_SSD1306.o
 .text.ssd1306DispOff
                0x00000000       0x20 HMI/DISPLAY/oled_SSD1306.o
 .text.ssd1306SendCmdManyPar
                0x00000000       0x5a HMI/DISPLAY/oled_SSD1306.o
 .text.ssd1306Fill
                0x00000000       0x76 HMI/DISPLAY/oled_SSD1306.o
 .text.ssd1306FillArea
                0x00000000       0x98 HMI/DISPLAY/oled_SSD1306.o
 .text.ssd1306FillAreaFromFlash
                0x00000000       0xbe HMI/DISPLAY/oled_SSD1306.o
 .text.ssd1306FillFromFash
                0x00000000       0x8c HMI/DISPLAY/oled_SSD1306.o
 .text.ssd1306WriteTxt
                0x00000000       0xfe HMI/DISPLAY/oled_SSD1306.o
 .text.ssd1306SetPixel
                0x00000000       0x3a HMI/DISPLAY/oled_SSD1306.o
 .text.ssd1306ClrPixel
                0x00000000       0x20 HMI/DISPLAY/oled_SSD1306.o
 .text.createGpoint
                0x00000000       0x32 HMI/DISPLAY/oled_SSD1306.o
 .text.creatrTpoint
                0x00000000       0x32 HMI/DISPLAY/oled_SSD1306.o
 .text.ssd1306DrawLine
                0x00000000      0x134 HMI/DISPLAY/oled_SSD1306.o
 .text.ssd1306DrawRectangle
                0x00000000       0xae HMI/DISPLAY/oled_SSD1306.o
 COMMON         0x00000000      0x400 HMI/DISPLAY/oled_SSD1306.o
 .text          0x00000000        0x0 HMI/TWI_BUS/twi.o
 .data          0x00000000        0x0 HMI/TWI_BUS/twi.o
 .bss           0x00000000        0x0 HMI/TWI_BUS/twi.o
 .text          0x00000000        0x0 main.o
 .data          0x00000000        0x0 main.o
 .bss           0x00000000        0x0 main.o
 COMMON         0x00000000        0x8 main.o
 .text          0x00000000        0x0 SYS_CLOCK/sysclock.o
 .data          0x00000000        0x0 SYS_CLOCK/sysclock.o
 .bss           0x00000000        0x0 SYS_CLOCK/sysclock.o
 .text.ClkSys2MHz
                0x00000000       0x18 SYS_CLOCK/sysclock.o
 .text          0x00000000        0x0 c:/program files (x86)/atmel/studio/7.0/toolchain/avr8/avr8-gnu-toolchain/bin/../lib/gcc/avr/5.4.0/avrxmega7\libgcc.a(_exit.o)
 .data          0x00000000        0x0 c:/program files (x86)/atmel/studio/7.0/toolchain/avr8/avr8-gnu-toolchain/bin/../lib/gcc/avr/5.4.0/avrxmega7\libgcc.a(_exit.o)
 .bss           0x00000000        0x0 c:/program files (x86)/atmel/studio/7.0/toolchain/avr8/avr8-gnu-toolchain/bin/../lib/gcc/avr/5.4.0/avrxmega7\libgcc.a(_exit.o)
 .text.libgcc.mul
                0x00000000        0x0 c:/program files (x86)/atmel/studio/7.0/toolchain/avr8/avr8-gnu-toolchain/bin/../lib/gcc/avr/5.4.0/avrxmega7\libgcc.a(_exit.o)
 .text.libgcc.div
                0x00000000        0x0 c:/program files (x86)/atmel/studio/7.0/toolchain/avr8/avr8-gnu-toolchain/bin/../lib/gcc/avr/5.4.0/avrxmega7\libgcc.a(_exit.o)
 .text.libgcc   0x00000000        0x0 c:/program files (x86)/atmel/studio/7.0/toolchain/avr8/avr8-gnu-toolchain/bin/../lib/gcc/avr/5.4.0/avrxmega7\libgcc.a(_exit.o)
 .text.libgcc.prologue
                0x00000000        0x0 c:/program files (x86)/atmel/studio/7.0/toolchain/avr8/avr8-gnu-toolchain/bin/../lib/gcc/avr/5.4.0/avrxmega7\libgcc.a(_exit.o)
 .text.libgcc.builtins
                0x00000000        0x0 c:/program files (x86)/atmel/studio/7.0/toolchain/avr8/avr8-gnu-toolchain/bin/../lib/gcc/avr/5.4.0/avrxmega7\libgcc.a(_exit.o)
 .text.libgcc.fmul
                0x00000000        0x0 c:/program files (x86)/atmel/studio/7.0/toolchain/avr8/avr8-gnu-toolchain/bin/../lib/gcc/avr/5.4.0/avrxmega7\libgcc.a(_exit.o)
 .text.libgcc.fixed
                0x00000000        0x0 c:/program files (x86)/atmel/studio/7.0/toolchain/avr8/avr8-gnu-toolchain/bin/../lib/gcc/avr/5.4.0/avrxmega7\libgcc.a(_exit.o)
 .text          0x00000000        0x0 c:/program files (x86)/atmel/studio/7.0/toolchain/avr8/avr8-gnu-toolchain/bin/../lib/gcc/avr/5.4.0/avrxmega7\libgcc.a(_copy_data.o)
 .data          0x00000000        0x0 c:/program files (x86)/atmel/studio/7.0/toolchain/avr8/avr8-gnu-toolchain/bin/../lib/gcc/avr/5.4.0/avrxmega7\libgcc.a(_copy_data.o)
 .bss           0x00000000        0x0 c:/program files (x86)/atmel/studio/7.0/toolchain/avr8/avr8-gnu-toolchain/bin/../lib/gcc/avr/5.4.0/avrxmega7\libgcc.a(_copy_data.o)
 .text.libgcc.mul
                0x00000000        0x0 c:/program files (x86)/atmel/studio/7.0/toolchain/avr8/avr8-gnu-toolchain/bin/../lib/gcc/avr/5.4.0/avrxmega7\libgcc.a(_copy_data.o)
 .text.libgcc.div
                0x00000000        0x0 c:/program files (x86)/atmel/studio/7.0/toolchain/avr8/avr8-gnu-toolchain/bin/../lib/gcc/avr/5.4.0/avrxmega7\libgcc.a(_copy_data.o)
 .text.libgcc   0x00000000        0x0 c:/program files (x86)/atmel/studio/7.0/toolchain/avr8/avr8-gnu-toolchain/bin/../lib/gcc/avr/5.4.0/avrxmega7\libgcc.a(_copy_data.o)
 .text.libgcc.prologue
                0x00000000        0x0 c:/program files (x86)/atmel/studio/7.0/toolchain/avr8/avr8-gnu-toolchain/bin/../lib/gcc/avr/5.4.0/avrxmega7\libgcc.a(_copy_data.o)
 .text.libgcc.builtins
                0x00000000        0x0 c:/program files (x86)/atmel/studio/7.0/toolchain/avr8/avr8-gnu-toolchain/bin/../lib/gcc/avr/5.4.0/avrxmega7\libgcc.a(_copy_data.o)
 .text.libgcc.fmul
                0x00000000        0x0 c:/program files (x86)/atmel/studio/7.0/toolchain/avr8/avr8-gnu-toolchain/bin/../lib/gcc/avr/5.4.0/avrxmega7\libgcc.a(_copy_data.o)
 .text.libgcc.fixed
                0x00000000        0x0 c:/program files (x86)/atmel/studio/7.0/toolchain/avr8/avr8-gnu-toolchain/bin/../lib/gcc/avr/5.4.0/avrxmega7\libgcc.a(_copy_data.o)
 .text          0x00000000        0x0 c:/program files (x86)/atmel/studio/7.0/toolchain/avr8/avr8-gnu-toolchain/bin/../lib/gcc/avr/5.4.0/avrxmega7\libgcc.a(_clear_bss.o)
 .data          0x00000000        0x0 c:/program files (x86)/atmel/studio/7.0/toolchain/avr8/avr8-gnu-toolchain/bin/../lib/gcc/avr/5.4.0/avrxmega7\libgcc.a(_clear_bss.o)
 .bss           0x00000000        0x0 c:/program files (x86)/atmel/studio/7.0/toolchain/avr8/avr8-gnu-toolchain/bin/../lib/gcc/avr/5.4.0/avrxmega7\libgcc.a(_clear_bss.o)
 .text.libgcc.mul
                0x00000000        0x0 c:/program files (x86)/atmel/studio/7.0/toolchain/avr8/avr8-gnu-toolchain/bin/../lib/gcc/avr/5.4.0/avrxmega7\libgcc.a(_clear_bss.o)
 .text.libgcc.div
                0x00000000        0x0 c:/program files (x86)/atmel/studio/7.0/toolchain/avr8/avr8-gnu-toolchain/bin/../lib/gcc/avr/5.4.0/avrxmega7\libgcc.a(_clear_bss.o)
 .text.libgcc   0x00000000        0x0 c:/program files (x86)/atmel/studio/7.0/toolchain/avr8/avr8-gnu-toolchain/bin/../lib/gcc/avr/5.4.0/avrxmega7\libgcc.a(_clear_bss.o)
 .text.libgcc.prologue
                0x00000000        0x0 c:/program files (x86)/atmel/studio/7.0/toolchain/avr8/avr8-gnu-toolchain/bin/../lib/gcc/avr/5.4.0/avrxmega7\libgcc.a(_clear_bss.o)
 .text.libgcc.builtins
                0x00000000        0x0 c:/program files (x86)/atmel/studio/7.0/toolchain/avr8/avr8-gnu-toolchain/bin/../lib/gcc/avr/5.4.0/avrxmega7\libgcc.a(_clear_bss.o)
 .text.libgcc.fmul
                0x00000000        0x0 c:/program files (x86)/atmel/studio/7.0/toolchain/avr8/avr8-gnu-toolchain/bin/../lib/gcc/avr/5.4.0/avrxmega7\libgcc.a(_clear_bss.o)
 .text.libgcc.fixed
                0x00000000        0x0 c:/program files (x86)/atmel/studio/7.0/toolchain/avr8/avr8-gnu-toolchain/bin/../lib/gcc/avr/5.4.0/avrxmega7\libgcc.a(_clear_bss.o)
 .text          0x00000000        0x0 c:/program files (x86)/atmel/studio/7.0/toolchain/avr8/avr8-gnu-toolchain/bin/../lib/gcc/avr/5.4.0/avrxmega7\libgcc.a(_xload_1.o)
 .data          0x00000000        0x0 c:/program files (x86)/atmel/studio/7.0/toolchain/avr8/avr8-gnu-toolchain/bin/../lib/gcc/avr/5.4.0/avrxmega7\libgcc.a(_xload_1.o)
 .bss           0x00000000        0x0 c:/program files (x86)/atmel/studio/7.0/toolchain/avr8/avr8-gnu-toolchain/bin/../lib/gcc/avr/5.4.0/avrxmega7\libgcc.a(_xload_1.o)
 .text.libgcc.mul
                0x00000000        0x0 c:/program files (x86)/atmel/studio/7.0/toolchain/avr8/avr8-gnu-toolchain/bin/../lib/gcc/avr/5.4.0/avrxmega7\libgcc.a(_xload_1.o)
 .text.libgcc.div
                0x00000000        0x0 c:/program files (x86)/atmel/studio/7.0/toolchain/avr8/avr8-gnu-toolchain/bin/../lib/gcc/avr/5.4.0/avrxmega7\libgcc.a(_xload_1.o)
 .text.libgcc   0x00000000       0x10 c:/program files (x86)/atmel/studio/7.0/toolchain/avr8/avr8-gnu-toolchain/bin/../lib/gcc/avr/5.4.0/avrxmega7\libgcc.a(_xload_1.o)
 .text.libgcc.prologue
                0x00000000        0x0 c:/program files (x86)/atmel/studio/7.0/toolchain/avr8/avr8-gnu-toolchain/bin/../lib/gcc/avr/5.4.0/avrxmega7\libgcc.a(_xload_1.o)
 .text.libgcc.builtins
                0x00000000        0x0 c:/program files (x86)/atmel/studio/7.0/toolchain/avr8/avr8-gnu-toolchain/bin/../lib/gcc/avr/5.4.0/avrxmega7\libgcc.a(_xload_1.o)
 .text.libgcc.fmul
                0x00000000        0x0 c:/program files (x86)/atmel/studio/7.0/toolchain/avr8/avr8-gnu-toolchain/bin/../lib/gcc/avr/5.4.0/avrxmega7\libgcc.a(_xload_1.o)
 .text.libgcc.fixed
                0x00000000        0x0 c:/program files (x86)/atmel/studio/7.0/toolchain/avr8/avr8-gnu-toolchain/bin/../lib/gcc/avr/5.4.0/avrxmega7\libgcc.a(_xload_1.o)
 .text          0x00000000        0x0 c:/program files (x86)/atmel/studio/7.0/toolchain/avr8/avr8-gnu-toolchain/bin/../lib/gcc/avr/5.4.0/../../../../avr/lib/avrxmega7\libc.a(malloc.o)
 .bss           0x00000000        0x0 c:/program files (x86)/atmel/studio/7.0/toolchain/avr8/avr8-gnu-toolchain/bin/../lib/gcc/avr/5.4.0/../../../../avr/lib/avrxmega7\libc.a(malloc.o)
 .text          0x00000000        0x0 c:/program files (x86)/atmel/studio/7.0/toolchain/avr8/avr8-gnu-toolchain/bin/../lib/gcc/avr/5.4.0/../../../../avr/lib/avrxmega7\libc.a(strcpy.o)
 .data          0x00000000        0x0 c:/program files (x86)/atmel/studio/7.0/toolchain/avr8/avr8-gnu-toolchain/bin/../lib/gcc/avr/5.4.0/../../../../avr/lib/avrxmega7\libc.a(strcpy.o)
 .bss           0x00000000        0x0 c:/program files (x86)/atmel/studio/7.0/toolchain/avr8/avr8-gnu-toolchain/bin/../lib/gcc/avr/5.4.0/../../../../avr/lib/avrxmega7\libc.a(strcpy.o)
 .text          0x00000000        0x0 c:/program files (x86)/atmel/studio/7.0/toolchain/avr8/avr8-gnu-toolchain/bin/../lib/gcc/avr/5.4.0/../../../../avr/lib/avrxmega7\libc.a(strncmp.o)
 .data          0x00000000        0x0 c:/program files (x86)/atmel/studio/7.0/toolchain/avr8/avr8-gnu-toolchain/bin/../lib/gcc/avr/5.4.0/../../../../avr/lib/avrxmega7\libc.a(strncmp.o)
 .bss           0x00000000        0x0 c:/program files (x86)/atmel/studio/7.0/toolchain/avr8/avr8-gnu-toolchain/bin/../lib/gcc/avr/5.4.0/../../../../avr/lib/avrxmega7\libc.a(strncmp.o)
 .text.avr-libc
                0x00000000       0x1c c:/program files (x86)/atmel/studio/7.0/toolchain/avr8/avr8-gnu-toolchain/bin/../lib/gcc/avr/5.4.0/../../../../avr/lib/avrxmega7\libc.a(strncmp.o)

Memory Configuration

Name             Origin             Length             Attributes
text             0x00000000         0x00022000         xr
data             0x00802000         0x00002000         rw !x
eeprom           0x00810000         0x00000800         rw !x
fuse             0x00820000         0x00000006         rw !x
lock             0x00830000         0x00000400         rw !x
signature        0x00840000         0x00000400         rw !x
user_signatures  0x00850000         0x00000400         rw !x
*default*        0x00000000         0xffffffff

Linker script and memory map

LOAD C:/Program Files (x86)/Atmel/Studio/7.0/Packs/atmel/XMEGAA_DFP/1.2.141/gcc/dev/atxmega128a1u/avrxmega7/crtatxmega128a1u.o
LOAD BLUETOOTH/DATA/data.o
LOAD BLUETOOTH/FRAMES/frame.o
LOAD BLUETOOTH/HC05/hc05.o
LOAD BLUETOOTH/USART/BUFFER/buffer.o
LOAD BLUETOOTH/USART/usart.o
LOAD CONTROL/DRIVERS/drivers.o
LOAD CONTROL/WORK/work.o
LOAD HMI/DISPLAY/fonts.o
LOAD HMI/DISPLAY/oled_SSD1306.o
LOAD HMI/TWI_BUS/twi.o
LOAD main.o
LOAD SYS_CLOCK/sysclock.o
START GROUP
LOAD c:/program files (x86)/atmel/studio/7.0/toolchain/avr8/avr8-gnu-toolchain/bin/../lib/gcc/avr/5.4.0/../../../../avr/lib/avrxmega7\libm.a
END GROUP
START GROUP
LOAD c:/program files (x86)/atmel/studio/7.0/toolchain/avr8/avr8-gnu-toolchain/bin/../lib/gcc/avr/5.4.0/avrxmega7\libgcc.a
LOAD c:/program files (x86)/atmel/studio/7.0/toolchain/avr8/avr8-gnu-toolchain/bin/../lib/gcc/avr/5.4.0/../../../../avr/lib/avrxmega7\libm.a
LOAD c:/program files (x86)/atmel/studio/7.0/toolchain/avr8/avr8-gnu-toolchain/bin/../lib/gcc/avr/5.4.0/../../../../avr/lib/avrxmega7\libc.a
LOAD C:/Program Files (x86)/Atmel/Studio/7.0/Packs/atmel/XMEGAA_DFP/1.2.141/gcc/dev/atxmega128a1u/avrxmega7\libatxmega128a1u.a
END GROUP
                [0x00000000]                __TEXT_REGION_ORIGIN__ = DEFINED (__TEXT_REGION_ORIGIN__)?__TEXT_REGION_ORIGIN__:0x0
                [0x00802000]                __DATA_REGION_ORIGIN__ = DEFINED (__DATA_REGION_ORIGIN__)?__DATA_REGION_ORIGIN__:0x802000
                [0x00022000]                __TEXT_REGION_LENGTH__ = DEFINED (__TEXT_REGION_LENGTH__)?__TEXT_REGION_LENGTH__:0x100000
                [0x00002000]                __DATA_REGION_LENGTH__ = DEFINED (__DATA_REGION_LENGTH__)?__DATA_REGION_LENGTH__:0xffa0
                [0x00000800]                __EEPROM_REGION_LENGTH__ = DEFINED (__EEPROM_REGION_LENGTH__)?__EEPROM_REGION_LENGTH__:0x10000
                [0x00000006]                __FUSE_REGION_LENGTH__ = DEFINED (__FUSE_REGION_LENGTH__)?__FUSE_REGION_LENGTH__:0x400
                0x00000400                __LOCK_REGION_LENGTH__ = DEFINED (__LOCK_REGION_LENGTH__)?__LOCK_REGION_LENGTH__:0x400
                0x00000400                __SIGNATURE_REGION_LENGTH__ = DEFINED (__SIGNATURE_REGION_LENGTH__)?__SIGNATURE_REGION_LENGTH__:0x400
                0x00000400                __USER_SIGNATURE_REGION_LENGTH__ = DEFINED (__USER_SIGNATURE_REGION_LENGTH__)?__USER_SIGNATURE_REGION_LENGTH__:0x400

.hash
 *(.hash)

.dynsym
 *(.dynsym)

.dynstr
 *(.dynstr)

.gnu.version
 *(.gnu.version)

.gnu.version_d
 *(.gnu.version_d)

.gnu.version_r
 *(.gnu.version_r)

.rel.init
 *(.rel.init)

.rela.init
 *(.rela.init)

.rel.text
 *(.rel.text)
 *(.rel.text.*)
 *(.rel.gnu.linkonce.t*)

.rela.text
 *(.rela.text)
 *(.rela.text.*)
 *(.rela.gnu.linkonce.t*)

.rel.fini
 *(.rel.fini)

.rela.fini
 *(.rela.fini)

.rel.rodata
 *(.rel.rodata)
 *(.rel.rodata.*)
 *(.rel.gnu.linkonce.r*)

.rela.rodata
 *(.rela.rodata)
 *(.rela.rodata.*)
 *(.rela.gnu.linkonce.r*)

.rel.data
 *(.rel.data)
 *(.rel.data.*)
 *(.rel.gnu.linkonce.d*)

.rela.data
 *(.rela.data)
 *(.rela.data.*)
 *(.rela.gnu.linkonce.d*)

.rel.ctors
 *(.rel.ctors)

.rela.ctors
 *(.rela.ctors)

.rel.dtors
 *(.rel.dtors)

.rela.dtors
 *(.rela.dtors)

.rel.got
 *(.rel.got)

.rela.got
 *(.rela.got)

.rel.bss
 *(.rel.bss)

.rela.bss
 *(.rela.bss)

.rel.plt
 *(.rel.plt)

.rela.plt
 *(.rela.plt)

.text           0x00000000      0xba2
 *(.vectors)
 .vectors       0x00000000      0x1fc C:/Program Files (x86)/Atmel/Studio/7.0/Packs/atmel/XMEGAA_DFP/1.2.141/gcc/dev/atxmega128a1u/avrxmega7/crtatxmega128a1u.o
                0x00000000                __vector_default
                0x00000000                __vectors
 *(.vectors)
 *(.progmem.gcc*)
                0x000001fc                . = ALIGN (0x2)
                0x000001fc                __trampolines_start = .
 *(.trampolines)
 .trampolines   0x000001fc        0xc linker stubs
 *(.trampolines*)
                0x00000208                __trampolines_end = .
 *libprintf_flt.a:*(.progmem.data)
 *libc.a:*(.progmem.data)
 *(.progmem*)
                0x00000208                . = ALIGN (0x2)
 *(.jumptables)
 *(.jumptables*)
 *(.lowtext)
 *(.lowtext*)
                0x00000208                __ctors_start = .
 *(.ctors)
                0x00000208                __ctors_end = .
                0x00000208                __dtors_start = .
 *(.dtors)
                0x00000208                __dtors_end = .
 SORT(*)(.ctors)
 SORT(*)(.dtors)
 *(.init0)
 .init0         0x00000208        0x0 C:/Program Files (x86)/Atmel/Studio/7.0/Packs/atmel/XMEGAA_DFP/1.2.141/gcc/dev/atxmega128a1u/avrxmega7/crtatxmega128a1u.o
                0x00000208                __init
 *(.init0)
 *(.init1)
 *(.init1)
 *(.init2)
 .init2         0x00000208       0x18 C:/Program Files (x86)/Atmel/Studio/7.0/Packs/atmel/XMEGAA_DFP/1.2.141/gcc/dev/atxmega128a1u/avrxmega7/crtatxmega128a1u.o
 *(.init2)
 *(.init3)
 *(.init3)
 *(.init4)
 .init4         0x00000220       0x1c c:/program files (x86)/atmel/studio/7.0/toolchain/avr8/avr8-gnu-toolchain/bin/../lib/gcc/avr/5.4.0/avrxmega7\libgcc.a(_copy_data.o)
                0x00000220                __do_copy_data
 .init4         0x0000023c       0x10 c:/program files (x86)/atmel/studio/7.0/toolchain/avr8/avr8-gnu-toolchain/bin/../lib/gcc/avr/5.4.0/avrxmega7\libgcc.a(_clear_bss.o)
                0x0000023c                __do_clear_bss
 *(.init4)
 *(.init5)
 *(.init5)
 *(.init6)
 *(.init6)
 *(.init7)
 *(.init7)
 *(.init8)
 *(.init8)
 *(.init9)
 .init9         0x0000024c        0x8 C:/Program Files (x86)/Atmel/Studio/7.0/Packs/atmel/XMEGAA_DFP/1.2.141/gcc/dev/atxmega128a1u/avrxmega7/crtatxmega128a1u.o
 *(.init9)
 *(.text)
 .text          0x00000254        0x4 C:/Program Files (x86)/Atmel/Studio/7.0/Packs/atmel/XMEGAA_DFP/1.2.141/gcc/dev/atxmega128a1u/avrxmega7/crtatxmega128a1u.o
                0x00000254                __vector_38
                0x00000254                __vector_104
                0x00000254                __vector_22
                0x00000254                __vector_63
                0x00000254                __vector_28
                0x00000254                __vector_67
                0x00000254                __vector_1
                0x00000254                __vector_119
                0x00000254                __vector_32
                0x00000254                __vector_75
                0x00000254                __vector_71
                0x00000254                __vector_91
                0x00000254                __vector_34
                0x00000254                __vector_77
                0x00000254                __vector_102
                0x00000254                __vector_24
                0x00000254                __vector_12
                0x00000254                __vector_55
                0x00000254                __vector_69
                0x00000254                __vector_81
                0x00000254                __vector_90
                0x00000254                __vector_46
                0x00000254                __bad_interrupt
                0x00000254                __vector_122
                0x00000254                __vector_72
                0x00000254                __vector_114
                0x00000254                __vector_6
                0x00000254                __vector_110
                0x00000254                __vector_31
                0x00000254                __vector_92
                0x00000254                __vector_35
                0x00000254                __vector_78
                0x00000254                __vector_74
                0x00000254                __vector_117
                0x00000254                __vector_39
                0x00000254                __vector_107
                0x00000254                __vector_3
                0x00000254                __vector_105
                0x00000254                __vector_98
                0x00000254                __vector_23
                0x00000254                __vector_68
                0x00000254                __vector_30
                0x00000254                __vector_73
                0x00000254                __vector_45
                0x00000254                __vector_25
                0x00000254                __vector_93
                0x00000254                __vector_11
                0x00000254                __vector_54
                0x00000254                __vector_99
                0x00000254                __vector_13
                0x00000254                __vector_17
                0x00000254                __vector_19
                0x00000254                __vector_56
                0x00000254                __vector_7
                0x00000254                __vector_125
                0x00000254                __vector_49
                0x00000254                __vector_123
                0x00000254                __vector_41
                0x00000254                __vector_86
                0x00000254                __vector_100
                0x00000254                __vector_101
                0x00000254                __vector_64
                0x00000254                __vector_88
                0x00000254                __vector_109
                0x00000254                __vector_43
                0x00000254                __vector_27
                0x00000254                __vector_5
                0x00000254                __vector_113
                0x00000254                __vector_33
                0x00000254                __vector_76
                0x00000254                __vector_115
                0x00000254                __vector_47
                0x00000254                __vector_52
                0x00000254                __vector_37
                0x00000254                __vector_95
                0x00000254                __vector_103
                0x00000254                __vector_96
                0x00000254                __vector_89
                0x00000254                __vector_108
                0x00000254                __vector_4
                0x00000254                __vector_44
                0x00000254                __vector_82
                0x00000254                __vector_106
                0x00000254                __vector_118
                0x00000254                __vector_51
                0x00000254                __vector_9
                0x00000254                __vector_2
                0x00000254                __vector_21
                0x00000254                __vector_15
                0x00000254                __vector_66
                0x00000254                __vector_36
                0x00000254                __vector_79
                0x00000254                __vector_58
                0x00000254                __vector_70
                0x00000254                __vector_83
                0x00000254                __vector_29
                0x00000254                __vector_60
                0x00000254                __vector_121
                0x00000254                __vector_40
                0x00000254                __vector_85
                0x00000254                __vector_94
                0x00000254                __vector_126
                0x00000254                __vector_8
                0x00000254                __vector_26
                0x00000254                __vector_48
                0x00000254                __vector_124
                0x00000254                __vector_116
                0x00000254                __vector_112
                0x00000254                __vector_111
                0x00000254                __vector_80
                0x00000254                __vector_14
                0x00000254                __vector_84
                0x00000254                __vector_57
                0x00000254                __vector_53
                0x00000254                __vector_10
                0x00000254                __vector_50
                0x00000254                __vector_16
                0x00000254                __vector_59
                0x00000254                __vector_18
                0x00000254                __vector_97
                0x00000254                __vector_20
                0x00000254                __vector_42
                0x00000254                __vector_87
                0x00000254                __vector_65
                0x00000254                __vector_120
                0x00000258                . = ALIGN (0x2)
 *(.text.*)
 .text.Frame_Init
                0x00000258       0x86 BLUETOOTH/FRAMES/frame.o
                0x00000258                Frame_Init
 .text.HC05_Read
                0x000002de       0x14 BLUETOOTH/HC05/hc05.o
                0x000002de                HC05_Read
 .text.HC05_SendString
                0x000002f2        0x6 BLUETOOTH/HC05/hc05.o
                0x000002f2                HC05_SendString
 .text.HC05_SendStatus
                0x000002f8       0xb2 BLUETOOTH/HC05/hc05.o
                0x000002f8                HC05_SendStatus
 .text.HC05_Init
                0x000003aa       0x68 BLUETOOTH/HC05/hc05.o
                0x000003aa                HC05_Init
 .text.Buffer_Init
                0x00000412       0x6c BLUETOOTH/USART/BUFFER/buffer.o
                0x00000412                Buffer_Init
 .text.Buffer_InsertString
                0x0000047e       0x3c BLUETOOTH/USART/BUFFER/buffer.o
                0x0000047e                Buffer_InsertString
 .text.Usart_Init
                0x000004ba       0x84 BLUETOOTH/USART/usart.o
                0x000004ba                Usart_Init
 .text.Usart_SendString
                0x0000053e       0x1e BLUETOOTH/USART/usart.o
                0x0000053e                Usart_SendString
 .text.Usart_GetString
                0x0000055c       0x66 BLUETOOTH/USART/usart.o
                0x0000055c                Usart_GetString
 .text.__vector_62
                0x000005c2       0x88 BLUETOOTH/USART/usart.o
                0x000005c2                __vector_62
 .text.__vector_61
                0x0000064a       0x92 BLUETOOTH/USART/usart.o
                0x0000064a                __vector_61
 .text.ssd1306SendCmdNoPar
                0x000006dc       0x3c HMI/DISPLAY/oled_SSD1306.o
                0x000006dc                ssd1306SendCmdNoPar
 .text.ssd1306SendCmdOnePar
                0x00000718       0x4a HMI/DISPLAY/oled_SSD1306.o
                0x00000718                ssd1306SendCmdOnePar
 .text.ssd1306DispOn
                0x00000762       0x20 HMI/DISPLAY/oled_SSD1306.o
                0x00000762                ssd1306DispOn
 .text.ssd1306Init
                0x00000782       0x64 HMI/DISPLAY/oled_SSD1306.o
                0x00000782                ssd1306Init
 .text.ssd1306SendByte
                0x000007e6       0x2c HMI/DISPLAY/oled_SSD1306.o
                0x000007e6                ssd1306SendByte
 .text.ssd1306Locate
                0x00000812       0x36 HMI/DISPLAY/oled_SSD1306.o
                0x00000812                ssd1306Locate
 .text.ssd1306ClrScr
                0x00000848       0x58 HMI/DISPLAY/oled_SSD1306.o
                0x00000848                ssd1306ClrScr
 .text.twiMasterInit
                0x000008a0       0x1e HMI/TWI_BUS/twi.o
                0x000008a0                twiMasterInit
 .text.twiSendAddress
                0x000008be        0xc HMI/TWI_BUS/twi.o
                0x000008be                twiSendAddress
 .text.twiSendData
                0x000008ca        0xc HMI/TWI_BUS/twi.o
                0x000008ca                twiSendData
 .text.twiStop  0x000008d6        0xa HMI/TWI_BUS/twi.o
                0x000008d6                twiStop
 .text.main     0x000008e0       0x54 main.o
                0x000008e0                main
 .text.ClkSys32MHz
                0x00000934       0x1a SYS_CLOCK/sysclock.o
                0x00000934                ClkSys32MHz
 .text.avr-libc
                0x0000094e      0x242 c:/program files (x86)/atmel/studio/7.0/toolchain/avr8/avr8-gnu-toolchain/bin/../lib/gcc/avr/5.4.0/../../../../avr/lib/avrxmega7\libc.a(malloc.o)
                0x0000094e                malloc
                0x00000a7e                free
 .text.avr-libc
                0x00000b90        0xe c:/program files (x86)/atmel/studio/7.0/toolchain/avr8/avr8-gnu-toolchain/bin/../lib/gcc/avr/5.4.0/../../../../avr/lib/avrxmega7\libc.a(strcpy.o)
                0x00000b90                strcpy
                0x00000b9e                . = ALIGN (0x2)
 *(.fini9)
 .fini9         0x00000b9e        0x0 c:/program files (x86)/atmel/studio/7.0/toolchain/avr8/avr8-gnu-toolchain/bin/../lib/gcc/avr/5.4.0/avrxmega7\libgcc.a(_exit.o)
                0x00000b9e                _exit
                0x00000b9e                exit
 *(.fini9)
 *(.fini8)
 *(.fini8)
 *(.fini7)
 *(.fini7)
 *(.fini6)
 *(.fini6)
 *(.fini5)
 *(.fini5)
 *(.fini4)
 *(.fini4)
 *(.fini3)
 *(.fini3)
 *(.fini2)
 *(.fini2)
 *(.fini1)
 *(.fini1)
 *(.fini0)
 .fini0         0x00000b9e        0x4 c:/program files (x86)/atmel/studio/7.0/toolchain/avr8/avr8-gnu-toolchain/bin/../lib/gcc/avr/5.4.0/avrxmega7\libgcc.a(_exit.o)
 *(.fini0)
                0x00000ba2                _etext = .

.data           0x00802000       0x1c load address 0x00000ba2
                0x00802000                PROVIDE (__data_start, .)
 *(.data)
 .data          0x00802000        0x6 c:/program files (x86)/atmel/studio/7.0/toolchain/avr8/avr8-gnu-toolchain/bin/../lib/gcc/avr/5.4.0/../../../../avr/lib/avrxmega7\libc.a(malloc.o)
                0x00802000                __malloc_heap_end
                0x00802002                __malloc_heap_start
                0x00802004                __malloc_margin
 *(.data*)
 .data.lcdBus   0x00802006        0x2 main.o
                0x00802006                lcdBus
 *(.gnu.linkonce.d*)
 *(.rodata)
 *(.rodata*)
 .rodata.str1.1
                0x00802008       0x13 BLUETOOTH/HC05/hc05.o
 *(.gnu.linkonce.r*)
                0x0080201c                . = ALIGN (0x2)
 *fill*         0x0080201b        0x1 
                0x0080201c                _edata = .
                0x0080201c                PROVIDE (__data_end, .)

.bss            0x0080201c       0x22
                0x0080201c                PROVIDE (__bss_start, .)
 *(.bss)
 *(.bss*)
 .bss.ReceivingFrame
                0x0080201c        0x2 BLUETOOTH/FRAMES/frame.o
                0x0080201c                ReceivingFrame
 .bss.Bluetooth
                0x0080201e        0x2 BLUETOOTH/HC05/hc05.o
                0x0080201e                Bluetooth
 .bss.ReceivingBuffer
                0x00802020        0x2 BLUETOOTH/USART/BUFFER/buffer.o
                0x00802020                ReceivingBuffer
 .bss.i.4252    0x00802022        0x1 BLUETOOTH/USART/usart.o
 .bss.CharsCount.4246
                0x00802023        0x1 BLUETOOTH/USART/usart.o
 .bss.RS232Port
                0x00802024        0x2 BLUETOOTH/USART/usart.o
                0x00802024                RS232Port
 *(COMMON)
 COMMON         0x00802026       0x14 BLUETOOTH/USART/usart.o
                0x00802026                SendingString
                0x00802028                ReceivedChars
                0x00802038                ReceivedString
 COMMON         0x0080203a        0x4 c:/program files (x86)/atmel/studio/7.0/toolchain/avr8/avr8-gnu-toolchain/bin/../lib/gcc/avr/5.4.0/../../../../avr/lib/avrxmega7\libc.a(malloc.o)
                0x0080203a                __brkval
                0x0080203c                __flp
                0x0080203e                PROVIDE (__bss_end, .)
                0x00000ba2                __data_load_start = LOADADDR (.data)
                0x00000bbe                __data_load_end = (__data_load_start + SIZEOF (.data))

.noinit         0x0080203e        0x0
                [!provide]                PROVIDE (__noinit_start, .)
 *(.noinit*)
                [!provide]                PROVIDE (__noinit_end, .)
                0x0080203e                _end = .
                0x0080203e                PROVIDE (__heap_start, .)

.eeprom         0x00810000        0x0
 *(.eeprom*)
                0x00810000                __eeprom_end = .

.fuse
 *(.fuse)
 *(.lfuse)
 *(.hfuse)
 *(.efuse)

.lock
 *(.lock*)

.signature
 *(.signature*)

.user_signatures
 *(.user_signatures*)

.stab
 *(.stab)

.stabstr
 *(.stabstr)

.stab.excl
 *(.stab.excl)

.stab.exclstr
 *(.stab.exclstr)

.stab.index
 *(.stab.index)

.stab.indexstr
 *(.stab.indexstr)

.comment        0x00000000       0x30
 *(.comment)
 .comment       0x00000000       0x30 BLUETOOTH/FRAMES/frame.o
                                 0x31 (size before relaxing)
 .comment       0x00000030       0x31 BLUETOOTH/HC05/hc05.o
 .comment       0x00000030       0x31 BLUETOOTH/USART/BUFFER/buffer.o
 .comment       0x00000030       0x31 BLUETOOTH/USART/usart.o
 .comment       0x00000030       0x31 HMI/DISPLAY/oled_SSD1306.o
 .comment       0x00000030       0x31 HMI/TWI_BUS/twi.o
 .comment       0x00000030       0x31 main.o
 .comment       0x00000030       0x31 SYS_CLOCK/sysclock.o
 .comment       0x00000030       0x31 c:/program files (x86)/atmel/studio/7.0/toolchain/avr8/avr8-gnu-toolchain/bin/../lib/gcc/avr/5.4.0/../../../../avr/lib/avrxmega7\libc.a(malloc.o)

.note.gnu.avr.deviceinfo
                0x00000000       0x40
 .note.gnu.avr.deviceinfo
                0x00000000       0x40 C:/Program Files (x86)/Atmel/Studio/7.0/Packs/atmel/XMEGAA_DFP/1.2.141/gcc/dev/atxmega128a1u/avrxmega7/crtatxmega128a1u.o

.note.gnu.build-id
 *(.note.gnu.build-id)

.debug
 *(.debug)

.line
 *(.line)

.debug_srcinfo
 *(.debug_srcinfo)

.debug_sfnames
 *(.debug_sfnames)

.debug_aranges  0x00000000      0x218
 *(.debug_aranges)
 .debug_aranges
                0x00000000       0x30 BLUETOOTH/FRAMES/frame.o
 .debug_aranges
                0x00000030       0x38 BLUETOOTH/HC05/hc05.o
 .debug_aranges
                0x00000068       0x38 BLUETOOTH/USART/BUFFER/buffer.o
 .debug_aranges
                0x000000a0       0x40 BLUETOOTH/USART/usart.o
 .debug_aranges
                0x000000e0       0xb8 HMI/DISPLAY/oled_SSD1306.o
 .debug_aranges
                0x00000198       0x38 HMI/TWI_BUS/twi.o
 .debug_aranges
                0x000001d0       0x20 main.o
 .debug_aranges
                0x000001f0       0x28 SYS_CLOCK/sysclock.o

.debug_pubnames
 *(.debug_pubnames)

.debug_info     0x00000000     0x71b1
 *(.debug_info .gnu.linkonce.wi.*)
 .debug_info    0x00000000     0x3e5a C:/Program Files (x86)/Atmel/Studio/7.0/Packs/atmel/XMEGAA_DFP/1.2.141/gcc/dev/atxmega128a1u/avrxmega7/crtatxmega128a1u.o
 .debug_info    0x00003e5a      0x604 BLUETOOTH/FRAMES/frame.o
 .debug_info    0x0000445e      0x8bb BLUETOOTH/HC05/hc05.o
 .debug_info    0x00004d19      0x2a8 BLUETOOTH/USART/BUFFER/buffer.o
 .debug_info    0x00004fc1      0x61d BLUETOOTH/USART/usart.o
 .debug_info    0x000055de     0x12de HMI/DISPLAY/oled_SSD1306.o
 .debug_info    0x000068bc      0x31a HMI/TWI_BUS/twi.o
 .debug_info    0x00006bd6      0x3f5 main.o
 .debug_info    0x00006fcb      0x1e6 SYS_CLOCK/sysclock.o

.debug_abbrev   0x00000000     0x469a
 *(.debug_abbrev)
 .debug_abbrev  0x00000000     0x3b0e C:/Program Files (x86)/Atmel/Studio/7.0/Packs/atmel/XMEGAA_DFP/1.2.141/gcc/dev/atxmega128a1u/avrxmega7/crtatxmega128a1u.o
 .debug_abbrev  0x00003b0e      0x116 BLUETOOTH/FRAMES/frame.o
 .debug_abbrev  0x00003c24      0x237 BLUETOOTH/HC05/hc05.o
 .debug_abbrev  0x00003e5b      0x16a BLUETOOTH/USART/BUFFER/buffer.o
 .debug_abbrev  0x00003fc5      0x1fd BLUETOOTH/USART/usart.o
 .debug_abbrev  0x000041c2      0x209 HMI/DISPLAY/oled_SSD1306.o
 .debug_abbrev  0x000043cb       0xed HMI/TWI_BUS/twi.o
 .debug_abbrev  0x000044b8      0x145 main.o
 .debug_abbrev  0x000045fd       0x9d SYS_CLOCK/sysclock.o

.debug_line     0x00000000     0x1aa8
 *(.debug_line .debug_line.* .debug_line_end)
 .debug_line    0x00000000      0x3b5 C:/Program Files (x86)/Atmel/Studio/7.0/Packs/atmel/XMEGAA_DFP/1.2.141/gcc/dev/atxmega128a1u/avrxmega7/crtatxmega128a1u.o
 .debug_line    0x000003b5      0x227 BLUETOOTH/FRAMES/frame.o
 .debug_line    0x000005dc      0x319 BLUETOOTH/HC05/hc05.o
 .debug_line    0x000008f5      0x224 BLUETOOTH/USART/BUFFER/buffer.o
 .debug_line    0x00000b19      0x2c0 BLUETOOTH/USART/usart.o
 .debug_line    0x00000dd9      0x7cb HMI/DISPLAY/oled_SSD1306.o
 .debug_line    0x000015a4      0x186 HMI/TWI_BUS/twi.o
 .debug_line    0x0000172a      0x22d main.o
 .debug_line    0x00001957      0x151 SYS_CLOCK/sysclock.o

.debug_frame    0x00000000      0x6b0
 *(.debug_frame)
 .debug_frame   0x00000000       0x70 BLUETOOTH/FRAMES/frame.o
 .debug_frame   0x00000070       0x6c BLUETOOTH/HC05/hc05.o
 .debug_frame   0x000000dc       0x90 BLUETOOTH/USART/BUFFER/buffer.o
 .debug_frame   0x0000016c       0xcc BLUETOOTH/USART/usart.o
 .debug_frame   0x00000238      0x3cc HMI/DISPLAY/oled_SSD1306.o
 .debug_frame   0x00000604       0x54 HMI/TWI_BUS/twi.o
 .debug_frame   0x00000658       0x24 main.o
 .debug_frame   0x0000067c       0x34 SYS_CLOCK/sysclock.o

.debug_str      0x00000000     0x3675
 *(.debug_str)
 .debug_str     0x00000000     0x2969 C:/Program Files (x86)/Atmel/Studio/7.0/Packs/atmel/XMEGAA_DFP/1.2.141/gcc/dev/atxmega128a1u/avrxmega7/crtatxmega128a1u.o
 .debug_str     0x00002969      0x28b BLUETOOTH/FRAMES/frame.o
                                0x2ca (size before relaxing)
 .debug_str     0x00002bf4      0x20c BLUETOOTH/HC05/hc05.o
                                0x478 (size before relaxing)
 .debug_str     0x00002e00       0x4e BLUETOOTH/USART/BUFFER/buffer.o
                                0x277 (size before relaxing)
 .debug_str     0x00002e4e      0x1a7 BLUETOOTH/USART/usart.o
                                0x4f2 (size before relaxing)
 .debug_str     0x00002ff5      0x332 HMI/DISPLAY/oled_SSD1306.o
                                0x508 (size before relaxing)
 .debug_str     0x00003327      0x1b4 HMI/TWI_BUS/twi.o
                                0x40e (size before relaxing)
 .debug_str     0x000034db       0x76 main.o
                                0x32a (size before relaxing)
 .debug_str     0x00003551      0x124 SYS_CLOCK/sysclock.o
                                0x2de (size before relaxing)

.debug_loc      0x00000000     0x203f
 *(.debug_loc)
 .debug_loc     0x00000000      0x19f BLUETOOTH/FRAMES/frame.o
 .debug_loc     0x0000019f      0x350 BLUETOOTH/HC05/hc05.o
 .debug_loc     0x000004ef      0x257 BLUETOOTH/USART/BUFFER/buffer.o
 .debug_loc     0x00000746      0x264 BLUETOOTH/USART/usart.o
 .debug_loc     0x000009aa     0x166d HMI/DISPLAY/oled_SSD1306.o
 .debug_loc     0x00002017       0x28 HMI/TWI_BUS/twi.o

.debug_macinfo
 *(.debug_macinfo)

.debug_weaknames
 *(.debug_weaknames)

.debug_funcnames
 *(.debug_funcnames)

.debug_typenames
 *(.debug_typenames)

.debug_varnames
 *(.debug_varnames)

.debug_pubtypes
 *(.debug_pubtypes)

.debug_ranges   0x00000000      0x198
 *(.debug_ranges)
 .debug_ranges  0x00000000       0x20 BLUETOOTH/FRAMES/frame.o
 .debug_ranges  0x00000020       0x28 BLUETOOTH/HC05/hc05.o
 .debug_ranges  0x00000048       0x28 BLUETOOTH/USART/BUFFER/buffer.o
 .debug_ranges  0x00000070       0x30 BLUETOOTH/USART/usart.o
 .debug_ranges  0x000000a0       0xa8 HMI/DISPLAY/oled_SSD1306.o
 .debug_ranges  0x00000148       0x28 HMI/TWI_BUS/twi.o
 .debug_ranges  0x00000170       0x10 main.o
 .debug_ranges  0x00000180       0x18 SYS_CLOCK/sysclock.o

.debug_macro
 *(.debug_macro)
OUTPUT(RoboArm.elf elf32-avr)
LOAD linker stubs
